// Jest Snapshot v1, https://goo.gl/fbAQLP

exports[`BeagleLazyComponent should match snapshot 1`] = `
BeagleLazyComponent {
  "path": "http://test.com.br",
}
`;
