// Jest Snapshot v1, https://goo.gl/fbAQLP

exports[`BeagleInputComponent should match snapshot 1`] = `
BeagleInputComponent {
  "onBlur": [MockFunction],
  "onChange": [MockFunction],
  "onFocus": [MockFunction],
}
`;