// Jest Snapshot v1, https://goo.gl/fbAQLP

exports[`BeagleSimpleFormComponent should match snapshot 1`] = `
BeagleSimpleFormComponent {
  "onSubmit": [MockFunction],
}
`;
