// Jest Snapshot v1, https://goo.gl/fbAQLP

exports[`BeagleListViewComponent should match snapshot 1`] = `BeagleListViewComponent {}`;

